// Jest Snapshot v1, https://goo.gl/fbAQLP

exports[`Snapshots SongItem.vue renders correctly 1`] = `
<router-link-stub
  custom="false"
  id="song-id-abc"
  to="[object Object]"
/>
`;
